// Jest Snapshot v1, https://goo.gl/fbAQLP

exports[`Test SearchForm component renders SearchForm correctly 1`] = `
<form
  className="form"
  name="search"
  onSubmit={[Function]}
>
  <div
    className="searchContainer"
  >
    <div
      className="inputContainer"
    >
      <input
        className="input"
        id="location"
        name="location"
        onChange={[Function]}
        placeholder="Search Location"
        type="text"
        value=""
      />
      <button
        className="suggestion"
        onClick={[Function]}
        title="Select current location"
        type="button"
      >
        <svg
          color="grey"
          fill="currentColor"
          height="2em"
          stroke="currentColor"
          strokeWidth="0"
          style={
            Object {
              "color": "grey",
            }
          }
          viewBox="0 0 24 24"
          width="2em"
          xmlns="http://www.w3.org/2000/svg"
        >
          <circle
            cx="12"
            cy="12"
            r="4"
          />
          <path
            d="M13 4.069V2h-2v2.069A8.01 8.01 0 0 0 4.069 11H2v2h2.069A8.008 8.008 0 0 0 11 19.931V22h2v-2.069A8.007 8.007 0 0 0 19.931 13H22v-2h-2.069A8.008 8.008 0 0 0 13 4.069zM12 18c-3.309 0-6-2.691-6-6s2.691-6 6-6 6 2.691 6 6-2.691 6-6 6z"
          />
        </svg>
      </button>
      <button
        aria-label="search"
        className="searchButton"
        type="submit"
      >
        <svg
          color="grey"
          fill="currentColor"
          height="1.5em"
          stroke="currentColor"
          strokeWidth="0"
          style={
            Object {
              "color": "grey",
            }
          }
          viewBox="0 0 512 512"
          width="1.5em"
          xmlns="http://www.w3.org/2000/svg"
        >
          <path
            d="M505 442.7L405.3 343c-4.5-4.5-10.6-7-17-7H372c27.6-35.3 44-79.7 44-128C416 93.1 322.9 0 208 0S0 93.1 0 208s93.1 208 208 208c48.3 0 92.7-16.4 128-44v16.3c0 6.4 2.5 12.5 7 17l99.7 99.7c9.4 9.4 24.6 9.4 33.9 0l28.3-28.3c9.4-9.4 9.4-24.6.1-34zM208 336c-70.7 0-128-57.2-128-128 0-70.7 57.2-128 128-128 70.7 0 128 57.2 128 128 0 70.7-57.2 128-128 128z"
          />
        </svg>
      </button>
    </div>
  </div>
</form>
`;
