// Jest Snapshot v1, https://goo.gl/fbAQLP

exports[`Test Item component renders Item correctly 1`] = `
<li
  className="itemContainer"
  onClick={[Function]}
>
  <table
    className="primary"
  >
    <tbody
      className="primaryBody"
    >
      <tr
        className="primaryRow"
      >
        <td>
          <strong>
            02:00
          </strong>
        </td>
        <td
          className="condition"
        >
          <span
            className="icon"
          >
            <img
              alt="weather icon"
              src="icon"
            />
          </span>
          <strong>
            37
            â„ƒ
          </strong>
        </td>
        <td
          className="humidity"
        >
          2
        </td>
        <td
          className="rain"
        >
          1
          %
        </td>
        <td
          className="arrow"
        >
          <svg
            fill="currentColor"
            height="1em"
            stroke="currentColor"
            strokeWidth="0"
            style={
              Object {
                "color": undefined,
              }
            }
            viewBox="0 0 512 512"
            width="1em"
            xmlns="http://www.w3.org/2000/svg"
          >
            <path
              d="M256 294.1L383 167c9.4-9.4 24.6-9.4 33.9 0s9.3 24.6 0 34L273 345c-9.1 9.1-23.7 9.3-33.1.7L95 201.1c-4.7-4.7-7-10.9-7-17s2.3-12.3 7-17c9.4-9.4 24.6-9.4 33.9 0l127.1 127z"
            />
          </svg>
        </td>
      </tr>
    </tbody>
  </table>
</li>
`;
