// Jest Snapshot v1, https://goo.gl/fbAQLP

exports[`Test DailyWeather component renders DailyWeather correctly 1`] = `
Array [
  <h2
    className="sectionHeading"
  >
    Next 
    5
     Days Weather Forecast For
     
  </h2>,
  <p>
    Loading...
  </p>,
]
`;
