// Jest Snapshot v1, https://goo.gl/fbAQLP

exports[`Test Result component renders Result correctly 1`] = `
<section
  className="section"
>
  <p>
    Search for a city or get current location
  </p>
</section>
`;
