// Jest Snapshot v1, https://goo.gl/fbAQLP

exports[`renders Weather component 1`] = `
<div
  className="app"
/>
`;
