// Jest Snapshot v1, https://goo.gl/fbAQLP

exports[`Test WeatherFooter component renders WeatherFooter correctly 1`] = `
<p
  className="resource"
>
  <span>
    API Source: 
  </span>
  <a
    href="https://www.weatherapi.com/"
  >
    weatherapi.com
  </a>
</p>
`;
