// Jest Snapshot v1, https://goo.gl/fbAQLP

exports[`Test HourlyWeather component renders HourlyWeather correctly 1`] = `
Array [
  <h2
    className="sectionHeading"
  >
    Hourly Weather Forecast For 
  </h2>,
  <p>
    No data to display
  </p>,
]
`;
